[repo] /dist_home/d_palmani/c-08/codeswitching
[install] /dist_home/common-apps/conda/bin/python3 -m pip install -e .[train]
  WARNING: The script jiwer is installed in '/dist_home/d_palmani/.local/bin' which is not on PATH.
  Consider adding this directory to PATH or, if you prefer to suppress this warning, use --no-warn-script-location.
  WARNING: The scripts accelerate, accelerate-config, accelerate-estimate-memory, accelerate-launch and accelerate-merge-weights are installed in '/dist_home/d_palmani/.local/bin' which is not on PATH.
  Consider adding this directory to PATH or, if you prefer to suppress this warning, use --no-warn-script-location.
  WARNING: The script evaluate-cli is installed in '/dist_home/d_palmani/.local/bin' which is not on PATH.
  Consider adding this directory to PATH or, if you prefer to suppress this warning, use --no-warn-script-location.
[disk] /dist_home/d_palmani/c-08/codeswitching/csasr-work has 271093 GB free
== Thu Aug 27 11:56:30 IST 2026 on asaicomputenode03 ==
name, memory.total [MiB], compute_cap
NVIDIA A100 80GB PCIe, 81920 MiB, 8.0
cpus=4  mem=16384MB
csasr 0.11.0
t1_ids: /dist_home/d_palmani/c-08/codeswitching/csasr-work/hf/hub/datasets--RohanRamesh--hi-en-synth-cs/snapshots/9f3de2dc67aea1e9422e0b52455da7176c6e97d9/t1_ids.json

===================== m6 =====================
Thu Aug 27 11:56:36 IST 2026
[cache] freed 0 MB of featurized Arrow
172.17.16.11:/newvolume  331T   66T  265T  20% /dist_home
2026-08-27 11:57:12.156362: I tensorflow/core/util/port.cc:153] oneDNN custom operations are on. You may see slightly different numerical results due to floating-point round-off errors from different computation orders. To turn them off, set the environment variable `TF_ENABLE_ONEDNN_OPTS=0`.
2026-08-27 11:57:12.566250: E external/local_xla/xla/stream_executor/cuda/cuda_fft.cc:485] Unable to register cuFFT factory: Attempting to register factory for plugin cuFFT when one has already been registered
2026-08-27 11:57:12.698176: E external/local_xla/xla/stream_executor/cuda/cuda_dnn.cc:8454] Unable to register cuDNN factory: Attempting to register factory for plugin cuDNN when one has already been registered
2026-08-27 11:57:12.737182: E external/local_xla/xla/stream_executor/cuda/cuda_blas.cc:1452] Unable to register cuBLAS factory: Attempting to register factory for plugin cuBLAS when one has already been registered
2026-08-27 11:57:13.016899: I tensorflow/core/platform/cpu_feature_guard.cc:210] This TensorFlow binary is optimized to use available CPU instructions in performance-critical operations.
To enable the following instructions: AVX2 AVX512F AVX512_VNNI AVX512_BF16 FMA, in other operations, rebuild TensorFlow with the appropriate compiler flags.
2026-08-27 11:57:22.665446: W tensorflow/compiler/tf2tensorrt/utils/py_utils.cc:38] TF-TRT Warning: Could not find TensorRT
Traceback (most recent call last):
  File "/dist_home/common-apps/conda/lib/python3.11/site-packages/transformers/activations_tf.py", line 22, in <module>
    import tf_keras as keras
ModuleNotFoundError: No module named 'tf_keras'

During handling of the above exception, another exception occurred:

Traceback (most recent call last):
  File "/dist_home/common-apps/conda/lib/python3.11/site-packages/transformers/utils/import_utils.py", line 1863, in _get_module
    return importlib.import_module("." + module_name, self.__name__)
           ^^^^^^^^^^^^^^^^^^^^^^^^^^^^^^^^^^^^^^^^^^^^^^^^^^^^^^^^^
  File "/dist_home/common-apps/conda/lib/python3.11/importlib/__init__.py", line 126, in import_module
    return _bootstrap._gcd_import(name[level:], package, level)
           ^^^^^^^^^^^^^^^^^^^^^^^^^^^^^^^^^^^^^^^^^^^^^^^^^^^^
  File "<frozen importlib._bootstrap>", line 1204, in _gcd_import
  File "<frozen importlib._bootstrap>", line 1176, in _find_and_load
  File "<frozen importlib._bootstrap>", line 1147, in _find_and_load_unlocked
  File "<frozen importlib._bootstrap>", line 690, in _load_unlocked
  File "<frozen importlib._bootstrap_external>", line 940, in exec_module
  File "<frozen importlib._bootstrap>", line 241, in _call_with_frames_removed
  File "/dist_home/common-apps/conda/lib/python3.11/site-packages/transformers/modeling_tf_utils.py", line 38, in <module>
    from .activations_tf import get_tf_activation
  File "/dist_home/common-apps/conda/lib/python3.11/site-packages/transformers/activations_tf.py", line 27, in <module>
    raise ValueError(
ValueError: Your currently installed version of Keras is Keras 3, but this is not yet supported in Transformers. Please install the backwards-compatible tf-keras package with `pip install tf-keras`.

The above exception was the direct cause of the following exception:

Traceback (most recent call last):
  File "/dist_home/common-apps/conda/lib/python3.11/site-packages/transformers/utils/import_utils.py", line 1863, in _get_module
    return importlib.import_module("." + module_name, self.__name__)
           ^^^^^^^^^^^^^^^^^^^^^^^^^^^^^^^^^^^^^^^^^^^^^^^^^^^^^^^^^
  File "/dist_home/common-apps/conda/lib/python3.11/importlib/__init__.py", line 126, in import_module
    return _bootstrap._gcd_import(name[level:], package, level)
           ^^^^^^^^^^^^^^^^^^^^^^^^^^^^^^^^^^^^^^^^^^^^^^^^^^^^
  File "<frozen importlib._bootstrap>", line 1204, in _gcd_import
  File "<frozen importlib._bootstrap>", line 1176, in _find_and_load
  File "<frozen importlib._bootstrap>", line 1147, in _find_and_load_unlocked
  File "<frozen importlib._bootstrap>", line 690, in _load_unlocked
  File "<frozen importlib._bootstrap_external>", line 940, in exec_module
  File "<frozen importlib._bootstrap>", line 241, in _call_with_frames_removed
  File "/dist_home/common-apps/conda/lib/python3.11/site-packages/transformers/integrations/integration_utils.py", line 36, in <module>
    from .. import PreTrainedModel, TFPreTrainedModel
  File "<frozen importlib._bootstrap>", line 1229, in _handle_fromlist
  File "/dist_home/common-apps/conda/lib/python3.11/site-packages/transformers/utils/import_utils.py", line 1851, in __getattr__
    module = self._get_module(self._class_to_module[name])
             ^^^^^^^^^^^^^^^^^^^^^^^^^^^^^^^^^^^^^^^^^^^^^
  File "/dist_home/common-apps/conda/lib/python3.11/site-packages/transformers/utils/import_utils.py", line 1865, in _get_module
    raise RuntimeError(
RuntimeError: Failed to import transformers.modeling_tf_utils because of the following error (look up to see its traceback):
Your currently installed version of Keras is Keras 3, but this is not yet supported in Transformers. Please install the backwards-compatible tf-keras package with `pip install tf-keras`.

The above exception was the direct cause of the following exception:

Traceback (most recent call last):
  File "/dist_home/common-apps/conda/lib/python3.11/site-packages/transformers/utils/import_utils.py", line 1863, in _get_module
    return importlib.import_module("." + module_name, self.__name__)
           ^^^^^^^^^^^^^^^^^^^^^^^^^^^^^^^^^^^^^^^^^^^^^^^^^^^^^^^^^
  File "/dist_home/common-apps/conda/lib/python3.11/importlib/__init__.py", line 126, in import_module
    return _bootstrap._gcd_import(name[level:], package, level)
           ^^^^^^^^^^^^^^^^^^^^^^^^^^^^^^^^^^^^^^^^^^^^^^^^^^^^
  File "<frozen importlib._bootstrap>", line 1204, in _gcd_import
  File "<frozen importlib._bootstrap>", line 1176, in _find_and_load
  File "<frozen importlib._bootstrap>", line 1147, in _find_and_load_unlocked
  File "<frozen importlib._bootstrap>", line 690, in _load_unlocked
  File "<frozen importlib._bootstrap_external>", line 940, in exec_module
  File "<frozen importlib._bootstrap>", line 241, in _call_with_frames_removed
  File "/dist_home/common-apps/conda/lib/python3.11/site-packages/transformers/trainer_seq2seq.py", line 29, in <module>
    from .trainer import Trainer
  File "/dist_home/common-apps/conda/lib/python3.11/site-packages/transformers/trainer.py", line 42, in <module>
    from .integrations import (
  File "<frozen importlib._bootstrap>", line 1229, in _handle_fromlist
  File "/dist_home/common-apps/conda/lib/python3.11/site-packages/transformers/utils/import_utils.py", line 1851, in __getattr__
    module = self._get_module(self._class_to_module[name])
             ^^^^^^^^^^^^^^^^^^^^^^^^^^^^^^^^^^^^^^^^^^^^^
  File "/dist_home/common-apps/conda/lib/python3.11/site-packages/transformers/utils/import_utils.py", line 1865, in _get_module
    raise RuntimeError(
RuntimeError: Failed to import transformers.integrations.integration_utils because of the following error (look up to see its traceback):
Failed to import transformers.modeling_tf_utils because of the following error (look up to see its traceback):
Your currently installed version of Keras is Keras 3, but this is not yet supported in Transformers. Please install the backwards-compatible tf-keras package with `pip install tf-keras`.

The above exception was the direct cause of the following exception:

Traceback (most recent call last):
  File "<frozen runpy>", line 198, in _run_module_as_main
  File "<frozen runpy>", line 88, in _run_code
  File "/dist_home/d_palmani/c-08/codeswitching/src/csasr/train/train_whisper.py", line 416, in <module>
    sys.exit(main())
             ^^^^^^
  File "/dist_home/d_palmani/c-08/codeswitching/src/csasr/train/train_whisper.py", line 256, in main
    from transformers import (
  File "<frozen importlib._bootstrap>", line 1229, in _handle_fromlist
  File "/dist_home/common-apps/conda/lib/python3.11/site-packages/transformers/utils/import_utils.py", line 1851, in __getattr__
    module = self._get_module(self._class_to_module[name])
             ^^^^^^^^^^^^^^^^^^^^^^^^^^^^^^^^^^^^^^^^^^^^^
  File "/dist_home/common-apps/conda/lib/python3.11/site-packages/transformers/utils/import_utils.py", line 1865, in _get_module
    raise RuntimeError(
RuntimeError: Failed to import transformers.trainer_seq2seq because of the following error (look up to see its traceback):
Failed to import transformers.integrations.integration_utils because of the following error (look up to see its traceback):
Failed to import transformers.modeling_tf_utils because of the following error (look up to see its traceback):
Your currently installed version of Keras is Keras 3, but this is not yet supported in Transformers. Please install the backwards-compatible tf-keras package with `pip install tf-keras`.
[train] defaults from configs/train_m6_large.yaml
